topology: leaf-size=128 keys=1024 standalone-nodes=10 after 18 splits
topology: leaf-size=128 workload=single databases=1 policy=fixed
topology: leaf-size=128 workload=single databases=1 policy=avoidable
topology: leaf-size=128 workload=single databases=4 policy=fixed
topology: leaf-size=128 workload=single databases=4 policy=avoidable
topology: leaf-size=128 workload=hot databases=1 policy=fixed
topology: leaf-size=128 workload=hot databases=1 policy=avoidable
topology: leaf-size=128 workload=hot databases=4 policy=fixed
topology: leaf-size=128 workload=hot databases=4 policy=avoidable
topology: leaf-size=128 workload=adjacent databases=1 policy=fixed
topology: leaf-size=128 workload=adjacent databases=1 policy=avoidable
topology: leaf-size=128 workload=adjacent databases=4 policy=fixed
topology: leaf-size=128 workload=adjacent databases=4 policy=avoidable
topology: leaf-size=128 workload=random databases=1 policy=fixed
topology: leaf-size=128 workload=random databases=1 policy=avoidable
topology: leaf-size=128 workload=random databases=4 policy=fixed
topology: leaf-size=128 workload=random databases=4 policy=avoidable
topology: leaf-size=128 workload=scan databases=1 policy=fixed
topology: leaf-size=128 workload=scan databases=1 policy=avoidable
topology: leaf-size=128 workload=scan databases=4 policy=fixed
topology: leaf-size=128 workload=scan databases=4 policy=avoidable
topology: leaf-size=128 keys=1024 standalone-nodes=10 after 18 splits
topology: leaf-size=128 workload=single databases=1 policy=fixed
topology: leaf-size=128 workload=single databases=1 policy=avoidable
topology: leaf-size=128 workload=single databases=4 policy=fixed
topology: leaf-size=128 workload=single databases=4 policy=avoidable
topology: leaf-size=128 workload=hot databases=1 policy=fixed
topology: leaf-size=128 workload=hot databases=1 policy=avoidable
topology: leaf-size=128 workload=hot databases=4 policy=fixed
topology: leaf-size=128 workload=hot databases=4 policy=avoidable
topology: leaf-size=128 workload=adjacent databases=1 policy=fixed
topology: leaf-size=128 workload=adjacent databases=1 policy=avoidable
topology: leaf-size=128 workload=adjacent databases=4 policy=fixed
topology: leaf-size=128 workload=adjacent databases=4 policy=avoidable
topology: leaf-size=128 workload=random databases=1 policy=fixed
topology: leaf-size=128 workload=random databases=1 policy=avoidable
topology: leaf-size=128 workload=random databases=4 policy=fixed
topology: leaf-size=128 workload=random databases=4 policy=avoidable
topology: leaf-size=128 workload=scan databases=1 policy=fixed
topology: leaf-size=128 workload=scan databases=1 policy=avoidable
topology: leaf-size=128 workload=scan databases=4 policy=fixed
topology: leaf-size=128 workload=scan databases=4 policy=avoidable
