topology: leaf-size=16 keys=1024 standalone-nodes=112 after 222 splits
topology: leaf-size=16 workload=single databases=1 policy=fixed
topology: leaf-size=16 workload=single databases=1 policy=avoidable
topology: leaf-size=16 workload=single databases=4 policy=fixed
topology: leaf-size=16 workload=single databases=4 policy=avoidable
topology: leaf-size=16 workload=hot databases=1 policy=fixed
topology: leaf-size=16 workload=hot databases=1 policy=avoidable
topology: leaf-size=16 workload=hot databases=4 policy=fixed
topology: leaf-size=16 workload=hot databases=4 policy=avoidable
topology: leaf-size=16 workload=adjacent databases=1 policy=fixed
topology: leaf-size=16 workload=adjacent databases=1 policy=avoidable
topology: leaf-size=16 workload=adjacent databases=4 policy=fixed
topology: leaf-size=16 workload=adjacent databases=4 policy=avoidable
topology: leaf-size=16 workload=random databases=1 policy=fixed
topology: leaf-size=16 workload=random databases=1 policy=avoidable
topology: leaf-size=16 workload=random databases=4 policy=fixed
topology: leaf-size=16 workload=random databases=4 policy=avoidable
topology: leaf-size=16 workload=scan databases=1 policy=fixed
topology: leaf-size=16 workload=scan databases=1 policy=avoidable
topology: leaf-size=16 workload=scan databases=4 policy=fixed
topology: leaf-size=16 workload=scan databases=4 policy=avoidable
topology: leaf-size=16 keys=1024 standalone-nodes=80 after 158 splits
topology: leaf-size=16 workload=single databases=1 policy=fixed
topology: leaf-size=16 workload=single databases=1 policy=avoidable
topology: leaf-size=16 workload=single databases=4 policy=fixed
topology: leaf-size=16 workload=single databases=4 policy=avoidable
topology: leaf-size=16 workload=hot databases=1 policy=fixed
topology: leaf-size=16 workload=hot databases=1 policy=avoidable
topology: leaf-size=16 workload=hot databases=4 policy=fixed
topology: leaf-size=16 workload=hot databases=4 policy=avoidable
topology: leaf-size=16 workload=adjacent databases=1 policy=fixed
topology: leaf-size=16 workload=adjacent databases=1 policy=avoidable
topology: leaf-size=16 workload=adjacent databases=4 policy=fixed
topology: leaf-size=16 workload=adjacent databases=4 policy=avoidable
topology: leaf-size=16 workload=random databases=1 policy=fixed
topology: leaf-size=16 workload=random databases=1 policy=avoidable
topology: leaf-size=16 workload=random databases=4 policy=fixed
topology: leaf-size=16 workload=random databases=4 policy=avoidable
topology: leaf-size=16 workload=scan databases=1 policy=fixed
topology: leaf-size=16 workload=scan databases=1 policy=avoidable
topology: leaf-size=16 workload=scan databases=4 policy=fixed
topology: leaf-size=16 workload=scan databases=4 policy=avoidable
